// Jest Snapshot v1, https://goo.gl/fbAQLP

exports[`should render <MessageText /> and compare with snapshot 1`] = `
<div
  style={
    Object {
      "color": "black",
      "fontSize": 16,
      "lineHeight": 20,
      "marginBottom": 5,
      "marginLeft": 10,
      "marginRight": 10,
      "marginTop": 5,
    }
  }
/>
`;
