// Jest Snapshot v1, https://goo.gl/fbAQLP

exports[`should render <MessageImage /> and compare with snapshot 1`] = `
<div
  style={Object {}}
>
  <img
    alt=""
    src={null}
  />
</div>
`;
