// Jest Snapshot v1, https://goo.gl/fbAQLP

exports[`should render <Time /> and compare with snapshot 1`] = `
<div
  style={
    Object {
      "marginBottom": 5,
      "marginLeft": 10,
      "marginRight": 10,
    }
  }
>
  <span
    style={
      Object {
        "backgroundColor": "transparent",
        "color": "#aaa",
        "fontSize": 10,
        "textAlign": "right",
      }
    }
  >
    Invalid date
  </span>
</div>
`;
